Func[1]: func example/exchange/db.Connect() (*example/exchange/db.ExchangeDB, error)
Func[1]: func example/external/versioned.New() *example/external/versioned/v1.Service
Func[1]: func example/exchange/state.NewModelChan() chan<- example/exchange.Model
Func[1]: func example/exchange/state.NewGenericStringType() example/exchange/ops.TestFunc[example/exchange.Model, string]
Func[1]: func example/identity/email/client/dev.Make(b example/identity/email/client/logical.Backends) (example/identity/email.Client, error)
Func[1]: func example/identity/users/client/dev.Make(b example/identity/users/client/logical.Backends) (example/identity/users.Client, error)
Func[1]: func example/identity/email/db.Connect() (*example/identity/email/db.EmailDB, error)
Func[1]: func example/identity/users/db.Connect() (*example/identity/users/db.UsersDB, error)
