package: state
tags: '!dev'
backendstype: Backends
backendsname: Backends
imports:
  example/exchange:
    name: exchange
    pkgpath: example/exchange
    aliased: false
  example/exchange/client/grpc:
    name: exchange_client_grpc
    pkgpath: example/exchange/client/grpc
    aliased: true
  example/external/mail:
    name: mail
    pkgpath: example/external/mail
    aliased: false
  example/external/mail/mail:
    name: mail_mail
    pkgpath: example/external/mail/mail
    aliased: true
  example/identity/email:
    name: email
    pkgpath: example/identity/email
    aliased: false
  example/identity/email/client/logical:
    name: email_client_logical
    pkgpath: example/identity/email/client/logical
    aliased: true
  example/identity/email/db:
    name: email_db
    pkgpath: example/identity/email/db
    aliased: true
  example/identity/users:
    name: users
    pkgpath: example/identity/users
    aliased: false
  example/identity/users/client/logical:
    name: users_client_logical
    pkgpath: example/identity/users/client/logical
    aliased: true
  example/identity/users/db:
    name: users_db
    pkgpath: example/identity/users/db
    aliased: true
deps:
- type: email.Client
  var: email
  getter: Email
  provider:
    funcpkg: email_client_logical
    funcname: New
    returnserr: false
    takesbcks: true
    errwrapmsg: email client logical new
- type: '*email_db.EmailDB'
  var: emailDB
  getter: EmailDB
  provider:
    funcpkg: email_db
    funcname: Connect
    returnserr: true
    takesbcks: false
    errwrapmsg: email db connect
- type: exchange.Client
  var: exchange
  getter: Exchange
  provider:
    funcpkg: exchange_client_grpc
    funcname: New
    returnserr: true
    takesbcks: false
    errwrapmsg: exchange client grpc new
- type: '*mail.Mailer'
  var: mailer
  getter: Mailer
  provider:
    funcpkg: mail
    funcname: New
    returnserr: true
    takesbcks: false
    errwrapmsg: mail new
- type: '*mail_mail.MailerLegacy'
  var: mailerLegacy
  getter: MailerLegacy
  provider:
    funcpkg: mail_mail
    funcname: New
    returnserr: true
    takesbcks: false
    errwrapmsg: mail new
- type: users.Client
  var: users
  getter: Users
  provider:
    funcpkg: users_client_logical
    funcname: New
    returnserr: false
    takesbcks: true
    errwrapmsg: users client logical new
- type: '*users_db.UsersDB'
  var: usersDB
  getter: UsersDB
  provider:
    funcpkg: users_db
    funcname: Connect
    returnserr: true
    takesbcks: false
    errwrapmsg: users db connect
transbcks:
- email_client_logical.Backends
- users_client_logical.Backends
